// Jest Snapshot v1, https://goo.gl/fbAQLP

exports[` * Pruebas en el componente <LoginScreen />  - Debe mostrarse correctamente 1`] = `
<div
  className="container_login"
>
  <h1>
     Login Screen 
  </h1>
  <hr />
  <div
    className="form_search"
  >
    <input
      autoComplete="off"
      className="form_input"
      name="username"
      onChange={[Function]}
      placeholder="Your Name"
      type="text"
      value=""
    />
    <button
      className="btn_search btn_login"
      onClick={[Function]}
    >
       Login 
    </button>
  </div>
</div>
`;
